src/components/ValentinesProposal.tsx(4,1): error TS2578: Unused '@ts-expect-error' directive.
